---
apiVersion: apps/v1
kind: Deployment
metadata:
  name: mariadb-testdsp9
  namespace: default
  labels:
    app: mariadb-testdsp9
    component: data-science-pipelines
    dspa: testdsp9
spec:
  strategy:
    type: Recreate  # Need this since backing PVC is ReadWriteOnce, which creates resource lock condition in default Rolling strategy
  selector:
    matchLabels:
      app: mariadb-testdsp9
      component: data-science-pipelines
      dspa: testdsp9
  template:
    metadata:
      labels:
        app: mariadb-testdsp9
        component: data-science-pipelines
        dspa: testdsp9
    spec:
      containers:
        - name: mariadb
          image: mariadb:test5
          ports:
            - containerPort: 3306
              protocol: TCP
          readinessProbe:
            exec:
              command:
                - /bin/sh
                - "-i"
                - "-c"
                - >-
                  MYSQL_PWD=$MYSQL_PASSWORD mysql -h 127.0.0.1 -u $MYSQL_USER -D
                  $MYSQL_DATABASE -e 'SELECT 1'
            failureThreshold: 3
            initialDelaySeconds: 5
            periodSeconds: 10
            successThreshold: 1
            timeoutSeconds: 1
          livenessProbe:
            failureThreshold: 3
            initialDelaySeconds: 30
            periodSeconds: 10
            successThreshold: 1
            tcpSocket:
              port: 3306
            timeoutSeconds: 1
          env:
            - name: MYSQL_USER
              value: "mlpipeline"
            - name: MYSQL_PASSWORD
              valueFrom:
                secretKeyRef:
                  key: "password"
                  name: "ds-pipeline-db-testdsp9"
            - name: MYSQL_DATABASE
              value: "mlpipeline"
            - name: MYSQL_ALLOW_EMPTY_PASSWORD
              value: "true"
          resources:
            requests:
              cpu: 300m
              memory: 800Mi
            limits:
              cpu: "1"
              memory: 1Gi
          volumeMounts:
            - name: mariadb-persistent-storage
              mountPath: /var/lib/mysql
            - name: mariadb-proxy-tls
              mountPath: /.mariadb/certs
            - name: mariadb-tls-config
              mountPath: /etc/my.cnf.d/mariadb-tls-config.cnf
              subPath: mariadb-tls-config.cnf
      volumes:
        - name: mariadb-persistent-storage
          persistentVolumeClaim:
            claimName: mariadb-testdsp9
        - name: mariadb-proxy-tls
          secret:
            secretName: ds-pipelines-mariadb-proxy-tls-testdsp9
            items:
              - key: tls.crt
                path: tls.crt
              - key: tls.key
                path: tls.key
            defaultMode: 420
        - name: mariadb-tls-config
          configMap:
            name: ds-pipelines-mariadb-tls-config-testdsp9
            defaultMode: 420
